Detecting compiler hash for triplet x64-windows...
Compiler found: C:/Program Files/Microsoft Visual Studio/2022/Community/VC/Tools/MSVC/14.44.35207/bin/Hostx64/x64/cl.exe
Detecting compiler hash for triplet x64-windows-policy...
Compiler found: C:/Program Files/Microsoft Visual Studio/2022/Community/VC/Tools/MSVC/14.44.35207/bin/Hostx64/x64/cl.exe
The following packages will be rebuilt:
  * egl-registry:x64-windows-policy@2024-01-25
  * expat:x64-windows-policy@2.6.4
  * libjpeg-turbo:x64-windows-policy@3.1.0#1
  * liblzma:x64-windows-policy@5.6.3
  * libpng:x64-windows-policy@1.6.45
  * nanosvg:x64-windows-policy@2023-12-29
    nlohmann-json:x64-windows-policy@3.11.3#1
  * opengl:x64-windows-policy@2022-12-04#3
  * opengl-registry:x64-windows-policy@2024-02-10#1
  * pcre2[core,jit,platform-default-features]:x64-windows-policy@10.43
  * tiff[core,jpeg,lzma,zip]:x64-windows-policy@4.7.0
    wavpack:x64-windows-policy@5.7.0
  * zlib:x64-windows-policy@1.3.1
The following packages will be built and installed:
    wxwidgets[core,debug-support,sound]:x64-windows-policy@3.2.6
Additional packages (*) will be modified to complete this operation.
Restored 14 package(s) from C:\Users\Snowdrop\AppData\Local\vcpkg\archives in 5.4 s. Use --debug to see more details.
Removing 1/27 wavpack:x64-windows-policy
Elapsed time to handle wavpack:x64-windows-policy: 10.8 ms
Removing 2/27 expat:x64-windows-policy
Elapsed time to handle expat:x64-windows-policy: 10.7 ms
Removing 3/27 libpng:x64-windows-policy
Elapsed time to handle libpng:x64-windows-policy: 13.6 ms
Removing 4/27 nanosvg:x64-windows-policy
Elapsed time to handle nanosvg:x64-windows-policy: 8.39 ms
Removing 5/27 opengl:x64-windows-policy
Elapsed time to handle opengl:x64-windows-policy: 8.34 ms
Removing 6/27 opengl-registry:x64-windows-policy
Elapsed time to handle opengl-registry:x64-windows-policy: 15.9 ms
Removing 7/27 egl-registry:x64-windows-policy
Elapsed time to handle egl-registry:x64-windows-policy: 6.87 ms
Removing 8/27 pcre2:x64-windows-policy
Elapsed time to handle pcre2:x64-windows-policy: 23.9 ms
Removing 9/27 tiff:x64-windows-policy
Elapsed time to handle tiff:x64-windows-policy: 17 ms
Removing 10/27 libjpeg-turbo:x64-windows-policy
Elapsed time to handle libjpeg-turbo:x64-windows-policy: 14.9 ms
Removing 11/27 liblzma:x64-windows-policy
Elapsed time to handle liblzma:x64-windows-policy: 19.7 ms
Removing 12/27 zlib:x64-windows-policy
Elapsed time to handle zlib:x64-windows-policy: 10.4 ms
Removing 13/27 nlohmann-json:x64-windows-policy
Elapsed time to handle nlohmann-json:x64-windows-policy: 22.2 ms
Installing 14/27 nlohmann-json:x64-windows-policy@3.11.3#1...
Elapsed time to handle nlohmann-json:x64-windows-policy: 56.2 ms
nlohmann-json:x64-windows-policy package ABI: 41455a16ffdde6970847f2b67a23fae3dcb3055fb20a5f925e3390e99ecd61e3
Installing 15/27 wavpack:x64-windows-policy@5.7.0...
Elapsed time to handle wavpack:x64-windows-policy: 22.7 ms
wavpack:x64-windows-policy package ABI: 21a08cfb25634198c80e23f8dc6cb7aa6bce215c7f6fb689872a3a6b50642eec
Installing 16/27 zlib:x64-windows-policy@1.3.1...
Elapsed time to handle zlib:x64-windows-policy: 19 ms
zlib:x64-windows-policy package ABI: 0937e139a4752108477efe0eb02411a3c43b42fe5d5c3ed4da912467cfd092e3
Installing 17/27 liblzma:x64-windows-policy@5.6.3...
Elapsed time to handle liblzma:x64-windows-policy: 50.8 ms
liblzma:x64-windows-policy package ABI: 2600ddc7d60b8b6ae519511bd2371a3c931d86869dfa8ab941a0c31ddc603e79
Installing 18/27 libjpeg-turbo:x64-windows-policy@3.1.0#1...
Elapsed time to handle libjpeg-turbo:x64-windows-policy: 32.1 ms
libjpeg-turbo:x64-windows-policy package ABI: 10bb0e81aa5bd1bb431e7c13cb7334005b0eb8d5bd003249d862f81f9ed013cf
Installing 19/27 tiff[core,jpeg,lzma,zip]:x64-windows-policy@4.7.0...
Elapsed time to handle tiff:x64-windows-policy: 28.5 ms
tiff:x64-windows-policy package ABI: 10d0f0eb576bd5cfb5170702e6596decb91690ff274417cf8923d794e6b6d387
Installing 20/27 pcre2[core,jit,platform-default-features]:x64-windows-policy@10.43...
Elapsed time to handle pcre2:x64-windows-policy: 49.2 ms
pcre2:x64-windows-policy package ABI: 19266995f7b84205495661b4abe50bef83ead1d665e679d35cff0c981f086219
Installing 21/27 egl-registry:x64-windows-policy@2024-01-25...
Elapsed time to handle egl-registry:x64-windows-policy: 14.1 ms
egl-registry:x64-windows-policy package ABI: 56dbfa5ab27e460ce3d89a034ac65cf3c7564fbffac0f67e417d8c99fc15d7e9
Installing 22/27 opengl-registry:x64-windows-policy@2024-02-10#1...
Elapsed time to handle opengl-registry:x64-windows-policy: 34.1 ms
opengl-registry:x64-windows-policy package ABI: 6820018e9416ba0dcb41ce040572b74c9131904133f1ac66aa07ae3714c023fd
Installing 23/27 opengl:x64-windows-policy@2022-12-04#3...
Elapsed time to handle opengl:x64-windows-policy: 19.6 ms
opengl:x64-windows-policy package ABI: 4e5f22bbc4df32f5e28d1ab3dcb0666bf3cf2c4446f6c4318cfe8fe1406d4660
Installing 24/27 nanosvg:x64-windows-policy@2023-12-29...
Elapsed time to handle nanosvg:x64-windows-policy: 18.9 ms
nanosvg:x64-windows-policy package ABI: 21e965ce160dacc688fe6ffe994fdb61110d039b277c9a94a8ae42a5cf44bad4
Installing 25/27 libpng:x64-windows-policy@1.6.45...
Elapsed time to handle libpng:x64-windows-policy: 32.3 ms
libpng:x64-windows-policy package ABI: fc739d3fbf3ac8411d6a89cf35e722a93601360da41658ca41beb0d1c28ea2be
Installing 26/27 expat:x64-windows-policy@2.6.4...
Elapsed time to handle expat:x64-windows-policy: 39.4 ms
expat:x64-windows-policy package ABI: f52cf397e3c83d0968f0f6732b56b4269343a241c21773f44ae95b3354cdb6d0
Installing 27/27 wxwidgets[core,debug-support,sound]:x64-windows-policy@3.2.6...
Elapsed time to handle wxwidgets:x64-windows-policy: 1.4 s
wxwidgets:x64-windows-policy package ABI: 49e432dfa200dc7cad19dec3082683ffbc1e5c478b86010ec41bb8ef198c7882
Total install time: 2 s
The package nlohmann-json provides CMake targets:

    find_package(nlohmann_json CONFIG REQUIRED)
    target_link_libraries(main PRIVATE nlohmann_json::nlohmann_json)

The package nlohmann-json can be configured to not provide implicit conversions via a custom triplet file:

    set(nlohmann-json_IMPLICIT_CONVERSIONS OFF)

For more information, see the docs here:
    
    https://json.nlohmann.me/api/macros/json_use_implicit_conversions/

wavpack provides CMake targets:

  # this is heuristically generated, and may not be correct
  find_package(wavpack CONFIG REQUIRED)
  target_link_libraries(main PRIVATE WavPack::WavPack)

wavpack provides pkg-config modules:

  # wavpack library
  wavpack

The package wxwidgets provides CMake targets:

    find_package(wxWidgets CONFIG REQUIRED)
    target_link_libraries(main PRIVATE wx::core wx::base)

